[arbitrum.foundation/index.html]
[backblue.gif]
[fade.gif]
[index.html]
[arbitrum.foundation/preview.jpg]
[arbitrum.foundation/favicon.ico]
[super-fourty.arbitrum.foundation/script.js]
[arbitrum.foundation/_next/static/css/ff9ce77ff8557320.css]
[arbitrum.foundation/_next/static/chunks/webpack-5bc360a70983d29f.js]
[arbitrum.foundation/_next/static/chunks/framework-4bae2c966b0001c5.js]
[arbitrum.foundation/_next/static/chunks/polyfills-c67a75d1b6f99dc8.js]
[arbitrum.foundation/_next/static/chunks/main-7355810899d3759d.js]
[arbitrum.foundation/_next/static/chunks/24-e5d84ade9be8b0a0.js]
[arbitrum.foundation/_next/static/chunks/149-11d13a75192415e4.js]
[arbitrum.foundation/_next/static/chunks/pages/_app-b075d15d1c2323e3.js]
[arbitrum.foundation/_next/static/chunks/706-7271faccaf67c952.js]
[arbitrum.foundation/_next/static/chunks/787-1d1584b22766221d.js]
[arbitrum.foundation/_next/static/chunks/917-b09a301b2e08ff6b.js]
[arbitrum.foundation/_next/static/chunks/186-578f75f9fea00caa.js]
[arbitrum.foundation/_next/static/chunks/275-fb9a341c880868fe.js]
[arbitrum.foundation/_next/static/chunks/pages/index-54a74e90e00859ff.js]
[arbitrum.foundation/_next/static/0g30GtLm-T_bTu6M_VM4K/_buildManifest.js]
[arbitrum.foundation/_next/static/0g30GtLm-T_bTu6M_VM4K/_ssgManifest.js]
[arbitrum.foundation/orbit]
[arbitrum.foundation/_next/illustration_19046.png]
[arbitrum.foundation/_next/illustration_12508f.png]
[arbitrum.foundation/tos]
[arbitrum.foundation/privacy]
[arbitrum.foundation/index.html]
[arbitrum.foundation/embed/newsletter.html]
[arbitrum.foundation/_next/static/chunks/pages/orbit-6170a822c4bbdf65.js]
[arbitrum.foundation/planet_6.svg]
[arbitrum.foundation/_next/story_17514.png]
[arbitrum.foundation/_next/story_28e9c.png]
[arbitrum.foundation/orbit]
[arbitrum.foundation/_next/illustration_108636.png]
[arbitrum.foundation/_next/static/chunks/pages/tos-219b6cde5d63326a.js]
[arbitrum.foundation/tos]
[arbitrum.foundation/_next/static/chunks/pages/privacy-3ffc58885245fc39.js]
[arbitrum.foundation/privacy]
[arbitrum.foundation/_next/static/chunks/25-d64ba38f77535d8d.js]
[arbitrum.foundation/_next/static/chunks/pages/embed/newsletter-052395a838147061.js]
[arbitrum.foundation/embed/newsletter.html]
[arbitrum.foundation/_next/static/chunks/polyfills-c67a75d1b6f99dc8.js]
[arbitrum.foundation/_next/static/media/UniversalSansDisplay-200.c9fa68e3.woff2]
[arbitrum.foundation/_next/static/media/UniversalSansDisplay-200.bb9fba1b.woff]
[arbitrum.foundation/_next/static/media/UniversalSansDisplay-300.4a24a681.woff2]
[arbitrum.foundation/_next/static/media/UniversalSansDisplay-300.50d3d141.woff]
[arbitrum.foundation/_next/static/media/UniversalSansDisplay-500.a05b29cf.woff2]
[arbitrum.foundation/_next/static/media/UniversalSansDisplay-500.d8f0ec21.woff]
[arbitrum.foundation/_next/illustration_19046.png]
[arbitrum.foundation/_next/static/media/MaisonNeueMono.6bef3b9a.woff2]
[arbitrum.foundation/_next/illustration_12508f.png]
[arbitrum.foundation/_next/static/media/MaisonNeueMono.dc65dd87.woff]
[arbitrum.foundation/_next/illustration_108636.png]
[arbitrum.foundation/_next/static/media/cityscape.505f0b7d.webp]
[arbitrum.foundation/_next/static/media/UniversalSansDisplay-200.bb9fba1b.woff]
[arbitrum.foundation/_next/static/media/UniversalSansDisplay-500.d8f0ec21.woff]
[arbitrum.foundation/_next/static/media/MaisonNeueMono.dc65dd87.woff]
[arbitrum.foundation/_next/static/media/arbitrum_logo.700dd1fb.svg]
[arbitrum.foundation/_next/static/media/external_icon.76b0859c.svg]
[arbitrum.foundation/_next/static/css/ff9ce77ff8557320.css]
[arbitrum.foundation/planet_6.svg]
[arbitrum.foundation/_next/static/media/arrow.981d8529.svg]
[arbitrum.foundation/_next/static/media/arrow_down.77211055.svg]
[arbitrum.foundation/_next/static/media/minus.bfb48e99.svg]
[arbitrum.foundation/_next/static/media/plus.513b078a.svg]
[arbitrum.foundation/_next/static/media/green_tick.2f80bd4d.svg]
[arbitrum.foundation/_next/static/media/red_cross.53691d75.svg]
[arbitrum.foundation/_next/static/media/arbitrum_logo.700dd1fb.svg]
[arbitrum.foundation/_next/static/media/search_icon.5e194ac2.svg]
[arbitrum.foundation/_next/static/media/external_icon.76b0859c.svg]
[arbitrum.foundation/_next/static/media/back_to_top_arrow.edc4a9d5.svg]
[arbitrum.foundation/orbit]
[arbitrum.foundation/orbit]
[arbitrum.foundation/tos]
[arbitrum.foundation/tos]
